Archive member included because of file (symbol)

c:/program files (x86)/mhv avr tools/bin/../lib/gcc/avr/4.7.1/avr5\libgcc.a(_exit.o)
                              c:/program files (x86)/mhv avr tools/bin/../lib/gcc/avr/4.7.1/../../../../avr/lib/avr5/crtm328p.o (exit)
c:/program files (x86)/mhv avr tools/bin/../lib/gcc/avr/4.7.1/avr5\libgcc.a(_clear_bss.o)
                              ./sinefnIncFreq.o (__do_clear_bss)
c:/program files (x86)/mhv avr tools/bin/../lib/gcc/avr/4.7.1/avr5\libgcc.a(_fixunssfsi.o)
                              ./sinefnIncFreq.o (__fixunssfsi)
c:/program files (x86)/mhv avr tools/bin/../lib/gcc/avr/4.7.1/avr5\libgcc.a(_addsub_sf.o)
                              ./sinefnIncFreq.o (__addsf3)
c:/program files (x86)/mhv avr tools/bin/../lib/gcc/avr/4.7.1/avr5\libgcc.a(_mul_sf.o)
                              ./sinefnIncFreq.o (__mulsf3)
c:/program files (x86)/mhv avr tools/bin/../lib/gcc/avr/4.7.1/avr5\libgcc.a(_ge_sf.o)
                              c:/program files (x86)/mhv avr tools/bin/../lib/gcc/avr/4.7.1/avr5\libgcc.a(_fixunssfsi.o) (__gesf2)
c:/program files (x86)/mhv avr tools/bin/../lib/gcc/avr/4.7.1/avr5\libgcc.a(_sf_to_si.o)
                              c:/program files (x86)/mhv avr tools/bin/../lib/gcc/avr/4.7.1/avr5\libgcc.a(_fixunssfsi.o) (__fixsfsi)
c:/program files (x86)/mhv avr tools/bin/../lib/gcc/avr/4.7.1/avr5\libgcc.a(_thenan_sf.o)
                              c:/program files (x86)/mhv avr tools/bin/../lib/gcc/avr/4.7.1/avr5\libgcc.a(_addsub_sf.o) (__thenan_sf)
c:/program files (x86)/mhv avr tools/bin/../lib/gcc/avr/4.7.1/avr5\libgcc.a(_prologue.o)
                              c:/program files (x86)/mhv avr tools/bin/../lib/gcc/avr/4.7.1/avr5\libgcc.a(_addsub_sf.o) (__prologue_saves__)
c:/program files (x86)/mhv avr tools/bin/../lib/gcc/avr/4.7.1/avr5\libgcc.a(_epilogue.o)
                              c:/program files (x86)/mhv avr tools/bin/../lib/gcc/avr/4.7.1/avr5\libgcc.a(_addsub_sf.o) (__epilogue_restores__)
c:/program files (x86)/mhv avr tools/bin/../lib/gcc/avr/4.7.1/avr5\libgcc.a(_copy_data.o)
                              c:/program files (x86)/mhv avr tools/bin/../lib/gcc/avr/4.7.1/avr5\libgcc.a(_thenan_sf.o) (__do_copy_data)
c:/program files (x86)/mhv avr tools/bin/../lib/gcc/avr/4.7.1/avr5\libgcc.a(_pack_sf.o)
                              c:/program files (x86)/mhv avr tools/bin/../lib/gcc/avr/4.7.1/avr5\libgcc.a(_addsub_sf.o) (__pack_f)
c:/program files (x86)/mhv avr tools/bin/../lib/gcc/avr/4.7.1/avr5\libgcc.a(_unpack_sf.o)
                              c:/program files (x86)/mhv avr tools/bin/../lib/gcc/avr/4.7.1/avr5\libgcc.a(_addsub_sf.o) (__unpack_f)
c:/program files (x86)/mhv avr tools/bin/../lib/gcc/avr/4.7.1/avr5\libgcc.a(_fpcmp_parts_sf.o)
                              c:/program files (x86)/mhv avr tools/bin/../lib/gcc/avr/4.7.1/avr5\libgcc.a(_ge_sf.o) (__fpcmp_parts_f)
c:/program files (x86)/mhv avr tools/bin/../lib/gcc/avr/4.7.1/../../../../avr/lib/avr5\libc.a(sin.o)
                              ./sinefnIncFreq.o (sin)
c:/program files (x86)/mhv avr tools/bin/../lib/gcc/avr/4.7.1/../../../../avr/lib/avr5\libc.a(fp_rempio2.o)
                              c:/program files (x86)/mhv avr tools/bin/../lib/gcc/avr/4.7.1/../../../../avr/lib/avr5\libc.a(sin.o) (__fp_rempio2)
c:/program files (x86)/mhv avr tools/bin/../lib/gcc/avr/4.7.1/../../../../avr/lib/avr5\libc.a(fp_sinus.o)
                              c:/program files (x86)/mhv avr tools/bin/../lib/gcc/avr/4.7.1/../../../../avr/lib/avr5\libc.a(sin.o) (__fp_sinus)
c:/program files (x86)/mhv avr tools/bin/../lib/gcc/avr/4.7.1/../../../../avr/lib/avr5\libc.a(fp_split3.o)
                              c:/program files (x86)/mhv avr tools/bin/../lib/gcc/avr/4.7.1/../../../../avr/lib/avr5\libc.a(fp_rempio2.o) (__fp_splitA)
c:/program files (x86)/mhv avr tools/bin/../lib/gcc/avr/4.7.1/../../../../avr/lib/avr5\libc.a(addsf3x.o)
                              c:/program files (x86)/mhv avr tools/bin/../lib/gcc/avr/4.7.1/../../../../avr/lib/avr5\libc.a(fp_sinus.o) (__addsf3x)
c:/program files (x86)/mhv avr tools/bin/../lib/gcc/avr/4.7.1/../../../../avr/lib/avr5\libc.a(fp_inf.o)
                              c:/program files (x86)/mhv avr tools/bin/../lib/gcc/avr/4.7.1/../../../../avr/lib/avr5\libc.a(addsf3x.o) (__fp_inf)
c:/program files (x86)/mhv avr tools/bin/../lib/gcc/avr/4.7.1/../../../../avr/lib/avr5\libc.a(fp_mpack.o)
                              c:/program files (x86)/mhv avr tools/bin/../lib/gcc/avr/4.7.1/../../../../avr/lib/avr5\libc.a(fp_rempio2.o) (__fp_mpack_finite)
c:/program files (x86)/mhv avr tools/bin/../lib/gcc/avr/4.7.1/../../../../avr/lib/avr5\libc.a(fp_nan.o)
                              c:/program files (x86)/mhv avr tools/bin/../lib/gcc/avr/4.7.1/../../../../avr/lib/avr5\libc.a(fp_rempio2.o) (__fp_nan)
c:/program files (x86)/mhv avr tools/bin/../lib/gcc/avr/4.7.1/../../../../avr/lib/avr5\libc.a(fp_powsodd.o)
                              c:/program files (x86)/mhv avr tools/bin/../lib/gcc/avr/4.7.1/../../../../avr/lib/avr5\libc.a(fp_sinus.o) (__fp_powsodd)
c:/program files (x86)/mhv avr tools/bin/../lib/gcc/avr/4.7.1/../../../../avr/lib/avr5\libc.a(fp_pscA.o)
                              c:/program files (x86)/mhv avr tools/bin/../lib/gcc/avr/4.7.1/../../../../avr/lib/avr5\libc.a(addsf3x.o) (__fp_pscA)
c:/program files (x86)/mhv avr tools/bin/../lib/gcc/avr/4.7.1/../../../../avr/lib/avr5\libc.a(fp_pscB.o)
                              c:/program files (x86)/mhv avr tools/bin/../lib/gcc/avr/4.7.1/../../../../avr/lib/avr5\libc.a(addsf3x.o) (__fp_pscB)
c:/program files (x86)/mhv avr tools/bin/../lib/gcc/avr/4.7.1/../../../../avr/lib/avr5\libc.a(fp_round.o)
                              c:/program files (x86)/mhv avr tools/bin/../lib/gcc/avr/4.7.1/../../../../avr/lib/avr5\libc.a(fp_sinus.o) (__fp_round)
c:/program files (x86)/mhv avr tools/bin/../lib/gcc/avr/4.7.1/../../../../avr/lib/avr5\libc.a(fp_zero.o)
                              c:/program files (x86)/mhv avr tools/bin/../lib/gcc/avr/4.7.1/../../../../avr/lib/avr5\libc.a(addsf3x.o) (__fp_zero)
c:/program files (x86)/mhv avr tools/bin/../lib/gcc/avr/4.7.1/../../../../avr/lib/avr5\libc.a(fp_powser.o)
                              c:/program files (x86)/mhv avr tools/bin/../lib/gcc/avr/4.7.1/../../../../avr/lib/avr5\libc.a(fp_powsodd.o) (__fp_powser)
c:/program files (x86)/mhv avr tools/bin/../lib/gcc/avr/4.7.1/../../../../avr/lib/avr5\libc.a(mulsf3x.o)
                              c:/program files (x86)/mhv avr tools/bin/../lib/gcc/avr/4.7.1/../../../../avr/lib/avr5\libc.a(fp_powser.o) (__mulsf3x)

Allocating common symbols
Common symbol       size              file

sinearray           0x100             ./sinefnIncFreq.o

Memory Configuration

Name             Origin             Length             Attributes
text             0x00000000         0x00020000         xr
data             0x00800060         0x0000ffa0         rw !x
eeprom           0x00810000         0x00010000         rw !x
fuse             0x00820000         0x00000400         rw !x
lock             0x00830000         0x00000400         rw !x
signature        0x00840000         0x00000400         rw !x
*default*        0x00000000         0xffffffff

Linker script and memory map

Address of section .data set to 0x800100
LOAD c:/program files (x86)/mhv avr tools/bin/../lib/gcc/avr/4.7.1/../../../../avr/lib/avr5/crtm328p.o
LOAD ./sinefnIncFreq.o
LOAD c:/program files (x86)/mhv avr tools/bin/../lib/gcc/avr/4.7.1/avr5\libgcc.a
LOAD c:/program files (x86)/mhv avr tools/bin/../lib/gcc/avr/4.7.1/../../../../avr/lib/avr5\libc.a
LOAD c:/program files (x86)/mhv avr tools/bin/../lib/gcc/avr/4.7.1/avr5\libgcc.a

.hash
 *(.hash)

.dynsym
 *(.dynsym)

.dynstr
 *(.dynstr)

.gnu.version
 *(.gnu.version)

.gnu.version_d
 *(.gnu.version_d)

.gnu.version_r
 *(.gnu.version_r)

.rel.init
 *(.rel.init)

.rela.init
 *(.rela.init)

.rel.text
 *(.rel.text)
 *(.rel.text.*)
 *(.rel.gnu.linkonce.t*)

.rela.text
 *(.rela.text)
 *(.rela.text.*)
 *(.rela.gnu.linkonce.t*)

.rel.fini
 *(.rel.fini)

.rela.fini
 *(.rela.fini)

.rel.rodata
 *(.rel.rodata)
 *(.rel.rodata.*)
 *(.rel.gnu.linkonce.r*)

.rela.rodata
 *(.rela.rodata)
 *(.rela.rodata.*)
 *(.rela.gnu.linkonce.r*)

.rel.data
 *(.rel.data)
 *(.rel.data.*)
 *(.rel.gnu.linkonce.d*)

.rela.data
 *(.rela.data)
 *(.rela.data.*)
 *(.rela.gnu.linkonce.d*)

.rel.ctors
 *(.rel.ctors)

.rela.ctors
 *(.rela.ctors)

.rel.dtors
 *(.rel.dtors)

.rela.dtors
 *(.rela.dtors)

.rel.got
 *(.rel.got)

.rela.got
 *(.rela.got)

.rel.bss
 *(.rel.bss)

.rela.bss
 *(.rela.bss)

.rel.plt
 *(.rel.plt)

.rela.plt
 *(.rela.plt)

.text           0x00000000      0xeac
 *(.vectors)
 .vectors       0x00000000       0x68 c:/program files (x86)/mhv avr tools/bin/../lib/gcc/avr/4.7.1/../../../../avr/lib/avr5/crtm328p.o
                0x00000000                __vector_default
                0x00000000                __vectors
 *(.vectors)
 *(.progmem.gcc*)
 .progmem.gcc_fplib
                0x00000068       0x1e c:/program files (x86)/mhv avr tools/bin/../lib/gcc/avr/4.7.1/../../../../avr/lib/avr5\libc.a(fp_sinus.o)
 *(.progmem*)
                0x00000086                . = ALIGN (0x2)
                0x00000086                __trampolines_start = .
 *(.trampolines)
 .trampolines   0x00000086        0x0 linker stubs
 *(.trampolines*)
                0x00000086                __trampolines_end = .
 *(.jumptables)
 *(.jumptables*)
 *(.lowtext)
 *(.lowtext*)
                0x00000086                __ctors_start = .
 *(.ctors)
                0x00000086                __ctors_end = .
                0x00000086                __dtors_start = .
 *(.dtors)
                0x00000086                __dtors_end = .
 SORT(*)(.ctors)
 SORT(*)(.dtors)
 *(.init0)
 .init0         0x00000086        0x0 c:/program files (x86)/mhv avr tools/bin/../lib/gcc/avr/4.7.1/../../../../avr/lib/avr5/crtm328p.o
                0x00000086                __init
 *(.init0)
 *(.init1)
 *(.init1)
 *(.init2)
 .init2         0x00000086        0xc c:/program files (x86)/mhv avr tools/bin/../lib/gcc/avr/4.7.1/../../../../avr/lib/avr5/crtm328p.o
 *(.init2)
 *(.init3)
 *(.init3)
 *(.init4)
 .init4         0x00000092       0x10 c:/program files (x86)/mhv avr tools/bin/../lib/gcc/avr/4.7.1/avr5\libgcc.a(_clear_bss.o)
                0x00000092                __do_clear_bss
 .init4         0x000000a2       0x16 c:/program files (x86)/mhv avr tools/bin/../lib/gcc/avr/4.7.1/avr5\libgcc.a(_copy_data.o)
                0x000000a2                __do_copy_data
 *(.init4)
 *(.init5)
 *(.init5)
 *(.init6)
 *(.init6)
 *(.init7)
 *(.init7)
 *(.init8)
 *(.init8)
 *(.init9)
 .init9         0x000000b8        0x8 c:/program files (x86)/mhv avr tools/bin/../lib/gcc/avr/4.7.1/../../../../avr/lib/avr5/crtm328p.o
 *(.init9)
 *(.text)
 .text          0x000000c0        0x4 c:/program files (x86)/mhv avr tools/bin/../lib/gcc/avr/4.7.1/../../../../avr/lib/avr5/crtm328p.o
                0x000000c0                __vector_22
                0x000000c0                __vector_1
                0x000000c0                __vector_24
                0x000000c0                __vector_12
                0x000000c0                __bad_interrupt
                0x000000c0                __vector_6
                0x000000c0                __vector_3
                0x000000c0                __vector_23
                0x000000c0                __vector_25
                0x000000c0                __vector_11
                0x000000c0                __vector_13
                0x000000c0                __vector_17
                0x000000c0                __vector_19
                0x000000c0                __vector_7
                0x000000c0                __vector_5
                0x000000c0                __vector_4
                0x000000c0                __vector_9
                0x000000c0                __vector_2
                0x000000c0                __vector_21
                0x000000c0                __vector_15
                0x000000c0                __vector_8
                0x000000c0                __vector_14
                0x000000c0                __vector_10
                0x000000c0                __vector_16
                0x000000c0                __vector_18
                0x000000c0                __vector_20
 .text          0x000000c4        0x0 ./sinefnIncFreq.o
 .text          0x000000c4        0x0 c:/program files (x86)/mhv avr tools/bin/../lib/gcc/avr/4.7.1/avr5\libgcc.a(_exit.o)
 .text          0x000000c4        0x0 c:/program files (x86)/mhv avr tools/bin/../lib/gcc/avr/4.7.1/avr5\libgcc.a(_clear_bss.o)
 .text          0x000000c4       0x5a c:/program files (x86)/mhv avr tools/bin/../lib/gcc/avr/4.7.1/avr5\libgcc.a(_fixunssfsi.o)
                0x000000c4                __fixunssfsi
 .text          0x0000011e      0x35c c:/program files (x86)/mhv avr tools/bin/../lib/gcc/avr/4.7.1/avr5\libgcc.a(_addsub_sf.o)
                0x000003c2                __addsf3
                0x0000041a                __subsf3
 .text          0x0000047a      0x1ca c:/program files (x86)/mhv avr tools/bin/../lib/gcc/avr/4.7.1/avr5\libgcc.a(_mul_sf.o)
                0x0000047a                __mulsf3
 .text          0x00000644       0x5e c:/program files (x86)/mhv avr tools/bin/../lib/gcc/avr/4.7.1/avr5\libgcc.a(_ge_sf.o)
                0x00000644                __gesf2
 .text          0x000006a2       0x9e c:/program files (x86)/mhv avr tools/bin/../lib/gcc/avr/4.7.1/avr5\libgcc.a(_sf_to_si.o)
                0x000006a2                __fixsfsi
 .text          0x00000740        0x0 c:/program files (x86)/mhv avr tools/bin/../lib/gcc/avr/4.7.1/avr5\libgcc.a(_thenan_sf.o)
 .text          0x00000740        0x0 c:/program files (x86)/mhv avr tools/bin/../lib/gcc/avr/4.7.1/avr5\libgcc.a(_prologue.o)
 .text          0x00000740        0x0 c:/program files (x86)/mhv avr tools/bin/../lib/gcc/avr/4.7.1/avr5\libgcc.a(_epilogue.o)
 .text          0x00000740        0x0 c:/program files (x86)/mhv avr tools/bin/../lib/gcc/avr/4.7.1/avr5\libgcc.a(_copy_data.o)
 .text          0x00000740      0x182 c:/program files (x86)/mhv avr tools/bin/../lib/gcc/avr/4.7.1/avr5\libgcc.a(_pack_sf.o)
                0x00000740                __pack_f
 .text          0x000008c2       0xde c:/program files (x86)/mhv avr tools/bin/../lib/gcc/avr/4.7.1/avr5\libgcc.a(_unpack_sf.o)
                0x000008c2                __unpack_f
 .text          0x000009a0       0xc2 c:/program files (x86)/mhv avr tools/bin/../lib/gcc/avr/4.7.1/avr5\libgcc.a(_fpcmp_parts_sf.o)
                0x000009a0                __fpcmp_parts_f
 .text          0x00000a62        0x0 c:/program files (x86)/mhv avr tools/bin/../lib/gcc/avr/4.7.1/../../../../avr/lib/avr5\libc.a(sin.o)
 .text          0x00000a62        0x0 c:/program files (x86)/mhv avr tools/bin/../lib/gcc/avr/4.7.1/../../../../avr/lib/avr5\libc.a(fp_rempio2.o)
 .text          0x00000a62        0x0 c:/program files (x86)/mhv avr tools/bin/../lib/gcc/avr/4.7.1/../../../../avr/lib/avr5\libc.a(fp_sinus.o)
 .text          0x00000a62        0x0 c:/program files (x86)/mhv avr tools/bin/../lib/gcc/avr/4.7.1/../../../../avr/lib/avr5\libc.a(fp_split3.o)
 .text          0x00000a62        0x0 c:/program files (x86)/mhv avr tools/bin/../lib/gcc/avr/4.7.1/../../../../avr/lib/avr5\libc.a(addsf3x.o)
 .text          0x00000a62        0x0 c:/program files (x86)/mhv avr tools/bin/../lib/gcc/avr/4.7.1/../../../../avr/lib/avr5\libc.a(fp_inf.o)
 .text          0x00000a62        0x0 c:/program files (x86)/mhv avr tools/bin/../lib/gcc/avr/4.7.1/../../../../avr/lib/avr5\libc.a(fp_mpack.o)
 .text          0x00000a62        0x0 c:/program files (x86)/mhv avr tools/bin/../lib/gcc/avr/4.7.1/../../../../avr/lib/avr5\libc.a(fp_nan.o)
 .text          0x00000a62        0x0 c:/program files (x86)/mhv avr tools/bin/../lib/gcc/avr/4.7.1/../../../../avr/lib/avr5\libc.a(fp_powsodd.o)
 .text          0x00000a62        0x0 c:/program files (x86)/mhv avr tools/bin/../lib/gcc/avr/4.7.1/../../../../avr/lib/avr5\libc.a(fp_pscA.o)
 .text          0x00000a62        0x0 c:/program files (x86)/mhv avr tools/bin/../lib/gcc/avr/4.7.1/../../../../avr/lib/avr5\libc.a(fp_pscB.o)
 .text          0x00000a62        0x0 c:/program files (x86)/mhv avr tools/bin/../lib/gcc/avr/4.7.1/../../../../avr/lib/avr5\libc.a(fp_round.o)
 .text          0x00000a62        0x0 c:/program files (x86)/mhv avr tools/bin/../lib/gcc/avr/4.7.1/../../../../avr/lib/avr5\libc.a(fp_zero.o)
 .text          0x00000a62        0x0 c:/program files (x86)/mhv avr tools/bin/../lib/gcc/avr/4.7.1/../../../../avr/lib/avr5\libc.a(fp_powser.o)
 .text          0x00000a62        0x0 c:/program files (x86)/mhv avr tools/bin/../lib/gcc/avr/4.7.1/../../../../avr/lib/avr5\libc.a(mulsf3x.o)
                0x00000a62                . = ALIGN (0x2)
 *(.text.*)
 .text.init_ports
                0x00000a62        0x8 ./sinefnIncFreq.o
                0x00000a62                init_ports
 .text.sineArray
                0x00000a6a       0x80 ./sinefnIncFreq.o
                0x00000a6a                sineArray
 .text.write_dac
                0x00000aea        0x4 ./sinefnIncFreq.o
                0x00000aea                write_dac
 .text.startup.main
                0x00000aee       0x22 ./sinefnIncFreq.o
                0x00000aee                main
 .text.libgcc.mul
                0x00000b10        0x0 c:/program files (x86)/mhv avr tools/bin/../lib/gcc/avr/4.7.1/avr5\libgcc.a(_exit.o)
 .text.libgcc.div
                0x00000b10        0x0 c:/program files (x86)/mhv avr tools/bin/../lib/gcc/avr/4.7.1/avr5\libgcc.a(_exit.o)
 .text.libgcc   0x00000b10        0x0 c:/program files (x86)/mhv avr tools/bin/../lib/gcc/avr/4.7.1/avr5\libgcc.a(_exit.o)
 .text.libgcc.prologue
                0x00000b10        0x0 c:/program files (x86)/mhv avr tools/bin/../lib/gcc/avr/4.7.1/avr5\libgcc.a(_exit.o)
 .text.libgcc.builtins
                0x00000b10        0x0 c:/program files (x86)/mhv avr tools/bin/../lib/gcc/avr/4.7.1/avr5\libgcc.a(_exit.o)
 .text.libgcc.fmul
                0x00000b10        0x0 c:/program files (x86)/mhv avr tools/bin/../lib/gcc/avr/4.7.1/avr5\libgcc.a(_exit.o)
 .text.libgcc.mul
                0x00000b10        0x0 c:/program files (x86)/mhv avr tools/bin/../lib/gcc/avr/4.7.1/avr5\libgcc.a(_clear_bss.o)
 .text.libgcc.div
                0x00000b10        0x0 c:/program files (x86)/mhv avr tools/bin/../lib/gcc/avr/4.7.1/avr5\libgcc.a(_clear_bss.o)
 .text.libgcc   0x00000b10        0x0 c:/program files (x86)/mhv avr tools/bin/../lib/gcc/avr/4.7.1/avr5\libgcc.a(_clear_bss.o)
 .text.libgcc.prologue
                0x00000b10        0x0 c:/program files (x86)/mhv avr tools/bin/../lib/gcc/avr/4.7.1/avr5\libgcc.a(_clear_bss.o)
 .text.libgcc.builtins
                0x00000b10        0x0 c:/program files (x86)/mhv avr tools/bin/../lib/gcc/avr/4.7.1/avr5\libgcc.a(_clear_bss.o)
 .text.libgcc.fmul
                0x00000b10        0x0 c:/program files (x86)/mhv avr tools/bin/../lib/gcc/avr/4.7.1/avr5\libgcc.a(_clear_bss.o)
 .text.libgcc.mul
                0x00000b10        0x0 c:/program files (x86)/mhv avr tools/bin/../lib/gcc/avr/4.7.1/avr5\libgcc.a(_prologue.o)
 .text.libgcc.div
                0x00000b10        0x0 c:/program files (x86)/mhv avr tools/bin/../lib/gcc/avr/4.7.1/avr5\libgcc.a(_prologue.o)
 .text.libgcc   0x00000b10        0x0 c:/program files (x86)/mhv avr tools/bin/../lib/gcc/avr/4.7.1/avr5\libgcc.a(_prologue.o)
 .text.libgcc.prologue
                0x00000b10       0x38 c:/program files (x86)/mhv avr tools/bin/../lib/gcc/avr/4.7.1/avr5\libgcc.a(_prologue.o)
                0x00000b10                __prologue_saves__
 .text.libgcc.builtins
                0x00000b48        0x0 c:/program files (x86)/mhv avr tools/bin/../lib/gcc/avr/4.7.1/avr5\libgcc.a(_prologue.o)
 .text.libgcc.fmul
                0x00000b48        0x0 c:/program files (x86)/mhv avr tools/bin/../lib/gcc/avr/4.7.1/avr5\libgcc.a(_prologue.o)
 .text.libgcc.mul
                0x00000b48        0x0 c:/program files (x86)/mhv avr tools/bin/../lib/gcc/avr/4.7.1/avr5\libgcc.a(_epilogue.o)
 .text.libgcc.div
                0x00000b48        0x0 c:/program files (x86)/mhv avr tools/bin/../lib/gcc/avr/4.7.1/avr5\libgcc.a(_epilogue.o)
 .text.libgcc   0x00000b48        0x0 c:/program files (x86)/mhv avr tools/bin/../lib/gcc/avr/4.7.1/avr5\libgcc.a(_epilogue.o)
 .text.libgcc.prologue
                0x00000b48       0x36 c:/program files (x86)/mhv avr tools/bin/../lib/gcc/avr/4.7.1/avr5\libgcc.a(_epilogue.o)
                0x00000b48                __epilogue_restores__
 .text.libgcc.builtins
                0x00000b7e        0x0 c:/program files (x86)/mhv avr tools/bin/../lib/gcc/avr/4.7.1/avr5\libgcc.a(_epilogue.o)
 .text.libgcc.fmul
                0x00000b7e        0x0 c:/program files (x86)/mhv avr tools/bin/../lib/gcc/avr/4.7.1/avr5\libgcc.a(_epilogue.o)
 .text.libgcc.mul
                0x00000b7e        0x0 c:/program files (x86)/mhv avr tools/bin/../lib/gcc/avr/4.7.1/avr5\libgcc.a(_copy_data.o)
 .text.libgcc.div
                0x00000b7e        0x0 c:/program files (x86)/mhv avr tools/bin/../lib/gcc/avr/4.7.1/avr5\libgcc.a(_copy_data.o)
 .text.libgcc   0x00000b7e        0x0 c:/program files (x86)/mhv avr tools/bin/../lib/gcc/avr/4.7.1/avr5\libgcc.a(_copy_data.o)
 .text.libgcc.prologue
                0x00000b7e        0x0 c:/program files (x86)/mhv avr tools/bin/../lib/gcc/avr/4.7.1/avr5\libgcc.a(_copy_data.o)
 .text.libgcc.builtins
                0x00000b7e        0x0 c:/program files (x86)/mhv avr tools/bin/../lib/gcc/avr/4.7.1/avr5\libgcc.a(_copy_data.o)
 .text.libgcc.fmul
                0x00000b7e        0x0 c:/program files (x86)/mhv avr tools/bin/../lib/gcc/avr/4.7.1/avr5\libgcc.a(_copy_data.o)
 .text.avr-libc.fplib
                0x00000b7e        0xc c:/program files (x86)/mhv avr tools/bin/../lib/gcc/avr/4.7.1/../../../../avr/lib/avr5\libc.a(sin.o)
                0x00000b7e                sin
 .text.avr-libc.fplib
                0x00000b8a       0x50 c:/program files (x86)/mhv avr tools/bin/../lib/gcc/avr/4.7.1/../../../../avr/lib/avr5\libc.a(fp_rempio2.o)
                0x00000b8c                __fp_rempio2
 .text.avr-libc.fplib
                0x00000bda       0x22 c:/program files (x86)/mhv avr tools/bin/../lib/gcc/avr/4.7.1/../../../../avr/lib/avr5\libc.a(fp_sinus.o)
                0x00000bda                __fp_sinus
 .text.avr-libc.fplib
                0x00000bfc       0x44 c:/program files (x86)/mhv avr tools/bin/../lib/gcc/avr/4.7.1/../../../../avr/lib/avr5\libc.a(fp_split3.o)
                0x00000bfc                __fp_split3
                0x00000c0c                __fp_splitA
 .text.avr-libc.fplib
                0x00000c40       0xc0 c:/program files (x86)/mhv avr tools/bin/../lib/gcc/avr/4.7.1/../../../../avr/lib/avr5\libc.a(addsf3x.o)
                0x00000c5a                __addsf3x
 .text.avr-libc.fplib
                0x00000d00        0xc c:/program files (x86)/mhv avr tools/bin/../lib/gcc/avr/4.7.1/../../../../avr/lib/avr5\libc.a(fp_inf.o)
                0x00000d00                __fp_inf
 .text.avr-libc.fplib
                0x00000d0c       0x1c c:/program files (x86)/mhv avr tools/bin/../lib/gcc/avr/4.7.1/../../../../avr/lib/avr5\libc.a(fp_mpack.o)
                0x00000d0c                __fp_mpack
                0x00000d10                __fp_mpack_finite
 .text.avr-libc.fplib
                0x00000d28        0x6 c:/program files (x86)/mhv avr tools/bin/../lib/gcc/avr/4.7.1/../../../../avr/lib/avr5\libc.a(fp_nan.o)
                0x00000d28                __fp_nan
 .text.avr-libc.fplib
                0x00000d2e       0x22 c:/program files (x86)/mhv avr tools/bin/../lib/gcc/avr/4.7.1/../../../../avr/lib/avr5\libc.a(fp_powsodd.o)
                0x00000d2e                __fp_powsodd
 .text.avr-libc.fplib
                0x00000d50        0xe c:/program files (x86)/mhv avr tools/bin/../lib/gcc/avr/4.7.1/../../../../avr/lib/avr5\libc.a(fp_pscA.o)
                0x00000d50                __fp_pscA
 .text.avr-libc.fplib
                0x00000d5e        0xe c:/program files (x86)/mhv avr tools/bin/../lib/gcc/avr/4.7.1/../../../../avr/lib/avr5\libc.a(fp_pscB.o)
                0x00000d5e                __fp_pscB
 .text.avr-libc.fplib
                0x00000d6c       0x22 c:/program files (x86)/mhv avr tools/bin/../lib/gcc/avr/4.7.1/../../../../avr/lib/avr5\libc.a(fp_round.o)
                0x00000d6c                __fp_round
 .text.avr-libc.fplib
                0x00000d8e        0xe c:/program files (x86)/mhv avr tools/bin/../lib/gcc/avr/4.7.1/../../../../avr/lib/avr5\libc.a(fp_zero.o)
                0x00000d8e                __fp_zero
                0x00000d90                __fp_szero
 .text.avr-libc.fplib
                0x00000d9c       0x4a c:/program files (x86)/mhv avr tools/bin/../lib/gcc/avr/4.7.1/../../../../avr/lib/avr5\libc.a(fp_powser.o)
                0x00000d9c                __fp_powser
 .text.avr-libc.fplib
                0x00000de6       0xc2 c:/program files (x86)/mhv avr tools/bin/../lib/gcc/avr/4.7.1/../../../../avr/lib/avr5\libc.a(mulsf3x.o)
                0x00000dfa                __mulsf3x
                0x00000dfe                __mulsf3_pse
                0x00000ea8                . = ALIGN (0x2)
 *(.fini9)
 .fini9         0x00000ea8        0x0 c:/program files (x86)/mhv avr tools/bin/../lib/gcc/avr/4.7.1/avr5\libgcc.a(_exit.o)
                0x00000ea8                _exit
                0x00000ea8                exit
 *(.fini9)
 *(.fini8)
 *(.fini8)
 *(.fini7)
 *(.fini7)
 *(.fini6)
 *(.fini6)
 *(.fini5)
 *(.fini5)
 *(.fini4)
 *(.fini4)
 *(.fini3)
 *(.fini3)
 *(.fini2)
 *(.fini2)
 *(.fini1)
 *(.fini1)
 *(.fini0)
 .fini0         0x00000ea8        0x4 c:/program files (x86)/mhv avr tools/bin/../lib/gcc/avr/4.7.1/avr5\libgcc.a(_exit.o)
 *(.fini0)
                0x00000eac                _etext = .

.data           0x00800100        0x8 load address 0x00000eac
                0x00800100                PROVIDE (__data_start, .)
 *(.data)
 .data          0x00800100        0x0 c:/program files (x86)/mhv avr tools/bin/../lib/gcc/avr/4.7.1/../../../../avr/lib/avr5/crtm328p.o
 .data          0x00800100        0x0 ./sinefnIncFreq.o
 .data          0x00800100        0x0 c:/program files (x86)/mhv avr tools/bin/../lib/gcc/avr/4.7.1/avr5\libgcc.a(_exit.o)
 .data          0x00800100        0x0 c:/program files (x86)/mhv avr tools/bin/../lib/gcc/avr/4.7.1/avr5\libgcc.a(_clear_bss.o)
 .data          0x00800100        0x0 c:/program files (x86)/mhv avr tools/bin/../lib/gcc/avr/4.7.1/avr5\libgcc.a(_fixunssfsi.o)
 .data          0x00800100        0x0 c:/program files (x86)/mhv avr tools/bin/../lib/gcc/avr/4.7.1/avr5\libgcc.a(_addsub_sf.o)
 .data          0x00800100        0x0 c:/program files (x86)/mhv avr tools/bin/../lib/gcc/avr/4.7.1/avr5\libgcc.a(_mul_sf.o)
 .data          0x00800100        0x0 c:/program files (x86)/mhv avr tools/bin/../lib/gcc/avr/4.7.1/avr5\libgcc.a(_ge_sf.o)
 .data          0x00800100        0x0 c:/program files (x86)/mhv avr tools/bin/../lib/gcc/avr/4.7.1/avr5\libgcc.a(_sf_to_si.o)
 .data          0x00800100        0x0 c:/program files (x86)/mhv avr tools/bin/../lib/gcc/avr/4.7.1/avr5\libgcc.a(_thenan_sf.o)
 .data          0x00800100        0x0 c:/program files (x86)/mhv avr tools/bin/../lib/gcc/avr/4.7.1/avr5\libgcc.a(_prologue.o)
 .data          0x00800100        0x0 c:/program files (x86)/mhv avr tools/bin/../lib/gcc/avr/4.7.1/avr5\libgcc.a(_epilogue.o)
 .data          0x00800100        0x0 c:/program files (x86)/mhv avr tools/bin/../lib/gcc/avr/4.7.1/avr5\libgcc.a(_copy_data.o)
 .data          0x00800100        0x0 c:/program files (x86)/mhv avr tools/bin/../lib/gcc/avr/4.7.1/avr5\libgcc.a(_pack_sf.o)
 .data          0x00800100        0x0 c:/program files (x86)/mhv avr tools/bin/../lib/gcc/avr/4.7.1/avr5\libgcc.a(_unpack_sf.o)
 .data          0x00800100        0x0 c:/program files (x86)/mhv avr tools/bin/../lib/gcc/avr/4.7.1/avr5\libgcc.a(_fpcmp_parts_sf.o)
 .data          0x00800100        0x0 c:/program files (x86)/mhv avr tools/bin/../lib/gcc/avr/4.7.1/../../../../avr/lib/avr5\libc.a(sin.o)
 .data          0x00800100        0x0 c:/program files (x86)/mhv avr tools/bin/../lib/gcc/avr/4.7.1/../../../../avr/lib/avr5\libc.a(fp_rempio2.o)
 .data          0x00800100        0x0 c:/program files (x86)/mhv avr tools/bin/../lib/gcc/avr/4.7.1/../../../../avr/lib/avr5\libc.a(fp_sinus.o)
 .data          0x00800100        0x0 c:/program files (x86)/mhv avr tools/bin/../lib/gcc/avr/4.7.1/../../../../avr/lib/avr5\libc.a(fp_split3.o)
 .data          0x00800100        0x0 c:/program files (x86)/mhv avr tools/bin/../lib/gcc/avr/4.7.1/../../../../avr/lib/avr5\libc.a(addsf3x.o)
 .data          0x00800100        0x0 c:/program files (x86)/mhv avr tools/bin/../lib/gcc/avr/4.7.1/../../../../avr/lib/avr5\libc.a(fp_inf.o)
 .data          0x00800100        0x0 c:/program files (x86)/mhv avr tools/bin/../lib/gcc/avr/4.7.1/../../../../avr/lib/avr5\libc.a(fp_mpack.o)
 .data          0x00800100        0x0 c:/program files (x86)/mhv avr tools/bin/../lib/gcc/avr/4.7.1/../../../../avr/lib/avr5\libc.a(fp_nan.o)
 .data          0x00800100        0x0 c:/program files (x86)/mhv avr tools/bin/../lib/gcc/avr/4.7.1/../../../../avr/lib/avr5\libc.a(fp_powsodd.o)
 .data          0x00800100        0x0 c:/program files (x86)/mhv avr tools/bin/../lib/gcc/avr/4.7.1/../../../../avr/lib/avr5\libc.a(fp_pscA.o)
 .data          0x00800100        0x0 c:/program files (x86)/mhv avr tools/bin/../lib/gcc/avr/4.7.1/../../../../avr/lib/avr5\libc.a(fp_pscB.o)
 .data          0x00800100        0x0 c:/program files (x86)/mhv avr tools/bin/../lib/gcc/avr/4.7.1/../../../../avr/lib/avr5\libc.a(fp_round.o)
 .data          0x00800100        0x0 c:/program files (x86)/mhv avr tools/bin/../lib/gcc/avr/4.7.1/../../../../avr/lib/avr5\libc.a(fp_zero.o)
 .data          0x00800100        0x0 c:/program files (x86)/mhv avr tools/bin/../lib/gcc/avr/4.7.1/../../../../avr/lib/avr5\libc.a(fp_powser.o)
 .data          0x00800100        0x0 c:/program files (x86)/mhv avr tools/bin/../lib/gcc/avr/4.7.1/../../../../avr/lib/avr5\libc.a(mulsf3x.o)
 *(.data*)
 *(.rodata)
 .rodata        0x00800100        0x8 c:/program files (x86)/mhv avr tools/bin/../lib/gcc/avr/4.7.1/avr5\libgcc.a(_thenan_sf.o)
                0x00800100                __thenan_sf
 *(.rodata*)
 *(.gnu.linkonce.d*)
                0x00800108                . = ALIGN (0x2)
                0x00800108                _edata = .
                0x00800108                PROVIDE (__data_end, .)

.bss            0x00800108      0x100
                0x00800108                PROVIDE (__bss_start, .)
 *(.bss)
 .bss           0x00800108        0x0 c:/program files (x86)/mhv avr tools/bin/../lib/gcc/avr/4.7.1/../../../../avr/lib/avr5/crtm328p.o
 .bss           0x00800108        0x0 ./sinefnIncFreq.o
 .bss           0x00800108        0x0 c:/program files (x86)/mhv avr tools/bin/../lib/gcc/avr/4.7.1/avr5\libgcc.a(_exit.o)
 .bss           0x00800108        0x0 c:/program files (x86)/mhv avr tools/bin/../lib/gcc/avr/4.7.1/avr5\libgcc.a(_clear_bss.o)
 .bss           0x00800108        0x0 c:/program files (x86)/mhv avr tools/bin/../lib/gcc/avr/4.7.1/avr5\libgcc.a(_fixunssfsi.o)
 .bss           0x00800108        0x0 c:/program files (x86)/mhv avr tools/bin/../lib/gcc/avr/4.7.1/avr5\libgcc.a(_addsub_sf.o)
 .bss           0x00800108        0x0 c:/program files (x86)/mhv avr tools/bin/../lib/gcc/avr/4.7.1/avr5\libgcc.a(_mul_sf.o)
 .bss           0x00800108        0x0 c:/program files (x86)/mhv avr tools/bin/../lib/gcc/avr/4.7.1/avr5\libgcc.a(_ge_sf.o)
 .bss           0x00800108        0x0 c:/program files (x86)/mhv avr tools/bin/../lib/gcc/avr/4.7.1/avr5\libgcc.a(_sf_to_si.o)
 .bss           0x00800108        0x0 c:/program files (x86)/mhv avr tools/bin/../lib/gcc/avr/4.7.1/avr5\libgcc.a(_thenan_sf.o)
 .bss           0x00800108        0x0 c:/program files (x86)/mhv avr tools/bin/../lib/gcc/avr/4.7.1/avr5\libgcc.a(_prologue.o)
 .bss           0x00800108        0x0 c:/program files (x86)/mhv avr tools/bin/../lib/gcc/avr/4.7.1/avr5\libgcc.a(_epilogue.o)
 .bss           0x00800108        0x0 c:/program files (x86)/mhv avr tools/bin/../lib/gcc/avr/4.7.1/avr5\libgcc.a(_copy_data.o)
 .bss           0x00800108        0x0 c:/program files (x86)/mhv avr tools/bin/../lib/gcc/avr/4.7.1/avr5\libgcc.a(_pack_sf.o)
 .bss           0x00800108        0x0 c:/program files (x86)/mhv avr tools/bin/../lib/gcc/avr/4.7.1/avr5\libgcc.a(_unpack_sf.o)
 .bss           0x00800108        0x0 c:/program files (x86)/mhv avr tools/bin/../lib/gcc/avr/4.7.1/avr5\libgcc.a(_fpcmp_parts_sf.o)
 .bss           0x00800108        0x0 c:/program files (x86)/mhv avr tools/bin/../lib/gcc/avr/4.7.1/../../../../avr/lib/avr5\libc.a(sin.o)
 .bss           0x00800108        0x0 c:/program files (x86)/mhv avr tools/bin/../lib/gcc/avr/4.7.1/../../../../avr/lib/avr5\libc.a(fp_rempio2.o)
 .bss           0x00800108        0x0 c:/program files (x86)/mhv avr tools/bin/../lib/gcc/avr/4.7.1/../../../../avr/lib/avr5\libc.a(fp_sinus.o)
 .bss           0x00800108        0x0 c:/program files (x86)/mhv avr tools/bin/../lib/gcc/avr/4.7.1/../../../../avr/lib/avr5\libc.a(fp_split3.o)
 .bss           0x00800108        0x0 c:/program files (x86)/mhv avr tools/bin/../lib/gcc/avr/4.7.1/../../../../avr/lib/avr5\libc.a(addsf3x.o)
 .bss           0x00800108        0x0 c:/program files (x86)/mhv avr tools/bin/../lib/gcc/avr/4.7.1/../../../../avr/lib/avr5\libc.a(fp_inf.o)
 .bss           0x00800108        0x0 c:/program files (x86)/mhv avr tools/bin/../lib/gcc/avr/4.7.1/../../../../avr/lib/avr5\libc.a(fp_mpack.o)
 .bss           0x00800108        0x0 c:/program files (x86)/mhv avr tools/bin/../lib/gcc/avr/4.7.1/../../../../avr/lib/avr5\libc.a(fp_nan.o)
 .bss           0x00800108        0x0 c:/program files (x86)/mhv avr tools/bin/../lib/gcc/avr/4.7.1/../../../../avr/lib/avr5\libc.a(fp_powsodd.o)
 .bss           0x00800108        0x0 c:/program files (x86)/mhv avr tools/bin/../lib/gcc/avr/4.7.1/../../../../avr/lib/avr5\libc.a(fp_pscA.o)
 .bss           0x00800108        0x0 c:/program files (x86)/mhv avr tools/bin/../lib/gcc/avr/4.7.1/../../../../avr/lib/avr5\libc.a(fp_pscB.o)
 .bss           0x00800108        0x0 c:/program files (x86)/mhv avr tools/bin/../lib/gcc/avr/4.7.1/../../../../avr/lib/avr5\libc.a(fp_round.o)
 .bss           0x00800108        0x0 c:/program files (x86)/mhv avr tools/bin/../lib/gcc/avr/4.7.1/../../../../avr/lib/avr5\libc.a(fp_zero.o)
 .bss           0x00800108        0x0 c:/program files (x86)/mhv avr tools/bin/../lib/gcc/avr/4.7.1/../../../../avr/lib/avr5\libc.a(fp_powser.o)
 .bss           0x00800108        0x0 c:/program files (x86)/mhv avr tools/bin/../lib/gcc/avr/4.7.1/../../../../avr/lib/avr5\libc.a(mulsf3x.o)
 *(.bss*)
 *(COMMON)
 COMMON         0x00800108      0x100 ./sinefnIncFreq.o
                0x00800108                sinearray
                0x00800208                PROVIDE (__bss_end, .)
                0x00000eac                __data_load_start = LOADADDR (.data)
                0x00000eb4                __data_load_end = (__data_load_start + SIZEOF (.data))

.noinit         0x00800208        0x0
                0x00800208                PROVIDE (__noinit_start, .)
 *(.noinit*)
                0x00800208                PROVIDE (__noinit_end, .)
                0x00800208                _end = .
                0x00800208                PROVIDE (__heap_start, .)

.eeprom         0x00810000        0x0
 *(.eeprom*)
                0x00810000                __eeprom_end = .

.fuse
 *(.fuse)
 *(.lfuse)
 *(.hfuse)
 *(.efuse)

.lock
 *(.lock*)

.signature
 *(.signature*)

.stab
 *(.stab)

.stabstr
 *(.stabstr)

.stab.excl
 *(.stab.excl)

.stab.exclstr
 *(.stab.exclstr)

.stab.index
 *(.stab.index)

.stab.indexstr
 *(.stab.indexstr)

.comment        0x00000000       0x11
 *(.comment)
 .comment       0x00000000       0x11 ./sinefnIncFreq.o
                                 0x12 (size before relaxing)
 .comment       0x00000000       0x12 c:/program files (x86)/mhv avr tools/bin/../lib/gcc/avr/4.7.1/avr5\libgcc.a(_fixunssfsi.o)
 .comment       0x00000000       0x12 c:/program files (x86)/mhv avr tools/bin/../lib/gcc/avr/4.7.1/avr5\libgcc.a(_addsub_sf.o)
 .comment       0x00000000       0x12 c:/program files (x86)/mhv avr tools/bin/../lib/gcc/avr/4.7.1/avr5\libgcc.a(_mul_sf.o)
 .comment       0x00000000       0x12 c:/program files (x86)/mhv avr tools/bin/../lib/gcc/avr/4.7.1/avr5\libgcc.a(_ge_sf.o)
 .comment       0x00000000       0x12 c:/program files (x86)/mhv avr tools/bin/../lib/gcc/avr/4.7.1/avr5\libgcc.a(_sf_to_si.o)
 .comment       0x00000000       0x12 c:/program files (x86)/mhv avr tools/bin/../lib/gcc/avr/4.7.1/avr5\libgcc.a(_thenan_sf.o)
 .comment       0x00000000       0x12 c:/program files (x86)/mhv avr tools/bin/../lib/gcc/avr/4.7.1/avr5\libgcc.a(_pack_sf.o)
 .comment       0x00000000       0x12 c:/program files (x86)/mhv avr tools/bin/../lib/gcc/avr/4.7.1/avr5\libgcc.a(_unpack_sf.o)
 .comment       0x00000000       0x12 c:/program files (x86)/mhv avr tools/bin/../lib/gcc/avr/4.7.1/avr5\libgcc.a(_fpcmp_parts_sf.o)

.debug
 *(.debug)

.line
 *(.line)

.debug_srcinfo
 *(.debug_srcinfo)

.debug_sfnames
 *(.debug_sfnames)

.debug_aranges
 *(.debug_aranges)

.debug_pubnames
 *(.debug_pubnames)

.debug_info
 *(.debug_info)
 *(.gnu.linkonce.wi.*)

.debug_abbrev
 *(.debug_abbrev)

.debug_line
 *(.debug_line)

.debug_frame
 *(.debug_frame)

.debug_str
 *(.debug_str)

.debug_loc
 *(.debug_loc)

.debug_macinfo
 *(.debug_macinfo)

.debug_pubtypes
 *(.debug_pubtypes)

.debug_ranges
 *(.debug_ranges)

.debug_macro
 *(.debug_macro)
OUTPUT(sinefnIncFreq.elf elf32-avr)
LOAD linker stubs
